// Jest Snapshot v1, https://goo.gl/fbAQLP

exports[`Testimonials matches the snapshot for winter events 1`] = `
<section
  class="py-spacing-3xl bg-neutral-gray-100"
>
  <div
    class="container mx-auto px-spacing-md"
  >
    <h2
      class="text-font-size-h2 text-center text-neutral-dark mb-spacing-2xl font-extrabold"
    >
      Wat Klanten Zeggen
    </h2>
    <div
      class="grid grid-cols-1 md:grid-cols-3 gap-spacing-xl"
    >
      <article
        aria-label="Testimonial van Elise & Bram"
        class="bg-neutral-light p-spacing-xl rounded-lg shadow-xl flex flex-col h-full"
      >
        <div
          class="flex"
        >
          <svg
            aria-hidden="true"
            class="w-5 h-5 text-secondary"
            fill="currentColor"
            viewBox="0 0 20 20"
            xmlns="http://www.w3.org/2000/svg"
          >
            <path
              d="M9.049 2.927c.3-.921 1.603-.921 1.902 0l1.07 3.292a1 1 0 00.95.69h3.462c.969 0 1.371 1.24.588 1.81l-2.8 2.034a1 1 0 00-.364 1.118l1.07 3.292c.3.921-.755 1.688-1.54 1.118l-2.8-2.034a1 1 0 00-1.175 0l-2.8 2.034c-.784.57-1.838-.197-1.539-1.118l1.07-3.292a1 1 0 00-.364-1.118l-2.8-2.034c-.783-.57-.38-1.81.588-1.81h3.461a1 1 0 00.951-.69l1.07-3.292z"
            />
          </svg>
          <svg
            aria-hidden="true"
            class="w-5 h-5 text-secondary"
            fill="currentColor"
            viewBox="0 0 20 20"
            xmlns="http://www.w3.org/2000/svg"
          >
            <path
              d="M9.049 2.927c.3-.921 1.603-.921 1.902 0l1.07 3.292a1 1 0 00.95.69h3.462c.969 0 1.371 1.24.588 1.81l-2.8 2.034a1 1 0 00-.364 1.118l1.07 3.292c.3.921-.755 1.688-1.54 1.118l-2.8-2.034a1 1 0 00-1.175 0l-2.8 2.034c-.784.57-1.838-.197-1.539-1.118l1.07-3.292a1 1 0 00-.364-1.118l-2.8-2.034c-.783-.57-.38-1.81.588-1.81h3.461a1 1 0 00.951-.69l1.07-3.292z"
            />
          </svg>
          <svg
            aria-hidden="true"
            class="w-5 h-5 text-secondary"
            fill="currentColor"
            viewBox="0 0 20 20"
            xmlns="http://www.w3.org/2000/svg"
          >
            <path
              d="M9.049 2.927c.3-.921 1.603-.921 1.902 0l1.07 3.292a1 1 0 00.95.69h3.462c.969 0 1.371 1.24.588 1.81l-2.8 2.034a1 1 0 00-.364 1.118l1.07 3.292c.3.921-.755 1.688-1.54 1.118l-2.8-2.034a1 1 0 00-1.175 0l-2.8 2.034c-.784.57-1.838-.197-1.539-1.118l1.07-3.292a1 1 0 00-.364-1.118l-2.8-2.034c-.783-.57-.38-1.81.588-1.81h3.461a1 1 0 00.951-.69l1.07-3.292z"
            />
          </svg>
          <svg
            aria-hidden="true"
            class="w-5 h-5 text-secondary"
            fill="currentColor"
            viewBox="0 0 20 20"
            xmlns="http://www.w3.org/2000/svg"
          >
            <path
              d="M9.049 2.927c.3-.921 1.603-.921 1.902 0l1.07 3.292a1 1 0 00.95.69h3.462c.969 0 1.371 1.24.588 1.81l-2.8 2.034a1 1 0 00-.364 1.118l1.07 3.292c.3.921-.755 1.688-1.54 1.118l-2.8-2.034a1 1 0 00-1.175 0l-2.8 2.034c-.784.57-1.838-.197-1.539-1.118l1.07-3.292a1 1 0 00-.364-1.118l-2.8-2.034c-.783-.57-.38-1.81.588-1.81h3.461a1 1 0 00.951-.69l1.07-3.292z"
            />
          </svg>
          <svg
            aria-hidden="true"
            class="w-5 h-5 text-secondary"
            fill="currentColor"
            viewBox="0 0 20 20"
            xmlns="http://www.w3.org/2000/svg"
          >
            <path
              d="M9.049 2.927c.3-.921 1.603-.921 1.902 0l1.07 3.292a1 1 0 00.95.69h3.462c.969 0 1.371 1.24.588 1.81l-2.8 2.034a1 1 0 00-.364 1.118l1.07 3.292c.3.921-.755 1.688-1.54 1.118l-2.8-2.034a1 1 0 00-1.175 0l-2.8 2.034c-.784.57-1.838-.197-1.539-1.118l1.07-3.292a1 1 0 00-.364-1.118l-2.8-2.034c-.783-.57-.38-1.81.588-1.81h3.461a1 1 0 00.951-.69l1.07-3.292z"
            />
          </svg>
        </div>
        <p
          class="text-font-size-h3 text-neutral-dark italic my-spacing-lg flex-grow"
        >
          “
          Een warme sfeer ondanks de kou buiten. De DJ heeft iedereen aan het dansen gekregen.
          ”
        </p>
        <footer
          class="border-t border-neutral-gray-100 pt-spacing-md"
        >
          <p
            class="text-font-size-body font-bold text-primary"
          >
            Elise & Bram
          </p>
          <p
            class="text-font-size-small text-neutral-gray-500"
          >
            Winterfeest, Breda
          </p>
        </footer>
      </article>
      <article
        aria-label="Testimonial van Mila Jansen"
        class="bg-neutral-light p-spacing-xl rounded-lg shadow-xl flex flex-col h-full"
      >
        <div
          class="flex"
        >
          <svg
            aria-hidden="true"
            class="w-5 h-5 text-secondary"
            fill="currentColor"
            viewBox="0 0 20 20"
            xmlns="http://www.w3.org/2000/svg"
          >
            <path
              d="M9.049 2.927c.3-.921 1.603-.921 1.902 0l1.07 3.292a1 1 0 00.95.69h3.462c.969 0 1.371 1.24.588 1.81l-2.8 2.034a1 1 0 00-.364 1.118l1.07 3.292c.3.921-.755 1.688-1.54 1.118l-2.8-2.034a1 1 0 00-1.175 0l-2.8 2.034c-.784.57-1.838-.197-1.539-1.118l1.07-3.292a1 1 0 00-.364-1.118l-2.8-2.034c-.783-.57-.38-1.81.588-1.81h3.461a1 1 0 00.951-.69l1.07-3.292z"
            />
          </svg>
          <svg
            aria-hidden="true"
            class="w-5 h-5 text-secondary"
            fill="currentColor"
            viewBox="0 0 20 20"
            xmlns="http://www.w3.org/2000/svg"
          >
            <path
              d="M9.049 2.927c.3-.921 1.603-.921 1.902 0l1.07 3.292a1 1 0 00.95.69h3.462c.969 0 1.371 1.24.588 1.81l-2.8 2.034a1 1 0 00-.364 1.118l1.07 3.292c.3.921-.755 1.688-1.54 1.118l-2.8-2.034a1 1 0 00-1.175 0l-2.8 2.034c-.784.57-1.838-.197-1.539-1.118l1.07-3.292a1 1 0 00-.364-1.118l-2.8-2.034c-.783-.57-.38-1.81.588-1.81h3.461a1 1 0 00.951-.69l1.07-3.292z"
            />
          </svg>
          <svg
            aria-hidden="true"
            class="w-5 h-5 text-secondary"
            fill="currentColor"
            viewBox="0 0 20 20"
            xmlns="http://www.w3.org/2000/svg"
          >
            <path
              d="M9.049 2.927c.3-.921 1.603-.921 1.902 0l1.07 3.292a1 1 0 00.95.69h3.462c.969 0 1.371 1.24.588 1.81l-2.8 2.034a1 1 0 00-.364 1.118l1.07 3.292c.3.921-.755 1.688-1.54 1.118l-2.8-2.034a1 1 0 00-1.175 0l-2.8 2.034c-.784.57-1.838-.197-1.539-1.118l1.07-3.292a1 1 0 00-.364-1.118l-2.8-2.034c-.783-.57-.38-1.81.588-1.81h3.461a1 1 0 00.951-.69l1.07-3.292z"
            />
          </svg>
          <svg
            aria-hidden="true"
            class="w-5 h-5 text-secondary"
            fill="currentColor"
            viewBox="0 0 20 20"
            xmlns="http://www.w3.org/2000/svg"
          >
            <path
              d="M9.049 2.927c.3-.921 1.603-.921 1.902 0l1.07 3.292a1 1 0 00.95.69h3.462c.969 0 1.371 1.24.588 1.81l-2.8 2.034a1 1 0 00-.364 1.118l1.07 3.292c.3.921-.755 1.688-1.54 1.118l-2.8-2.034a1 1 0 00-1.175 0l-2.8 2.034c-.784.57-1.838-.197-1.539-1.118l1.07-3.292a1 1 0 00-.364-1.118l-2.8-2.034c-.783-.57-.38-1.81.588-1.81h3.461a1 1 0 00.951-.69l1.07-3.292z"
            />
          </svg>
          <svg
            aria-hidden="true"
            class="w-5 h-5 text-neutral-gray-500"
            fill="currentColor"
            viewBox="0 0 20 20"
            xmlns="http://www.w3.org/2000/svg"
          >
            <path
              d="M9.049 2.927c.3-.921 1.603-.921 1.902 0l1.07 3.292a1 1 0 00.95.69h3.462c.969 0 1.371 1.24.588 1.81l-2.8 2.034a1 1 0 00-.364 1.118l1.07 3.292c.3.921-.755 1.688-1.54 1.118l-2.8-2.034a1 1 0 00-1.175 0l-2.8 2.034c-.784.57-1.838-.197-1.539-1.118l1.07-3.292a1 1 0 00-.364-1.118l-2.8-2.034c-.783-.57-.38-1.81.588-1.81h3.461a1 1 0 00.951-.69l1.07-3.292z"
            />
          </svg>
        </div>
        <p
          class="text-font-size-h3 text-neutral-dark italic my-spacing-lg flex-grow"
        >
          “
          Onze klanten waren onder de indruk van de professionele uitstraling en muzikale begeleiding.
          ”
        </p>
        <footer
          class="border-t border-neutral-gray-100 pt-spacing-md"
        >
          <p
            class="text-font-size-body font-bold text-primary"
          >
            Mila Jansen
          </p>
          <p
            class="text-font-size-small text-neutral-gray-500"
          >
            Zakelijk event, Den Haag
          </p>
        </footer>
      </article>
    </div>
  </div>
</section>
`;
