// Vitest Snapshot v1, https://vitest.dev/guide/snapshot.html

exports[`structuredData > injects structured data scripts into the head exactly once 1`] = `
<head>
  <script
    id="schema-localBusiness"
    type="application/ld+json"
  >
    {
  "@context": "https://schema.org",
  "@type": "LocalBusiness",
  "@id": "https://staging.sevensa.nl/#mister-dj",
  "name": "Mister DJ",
  "description": "Mister DJ levert dj's en live sax combinaties met 100% dansgarantie voor bruiloften, bedrijfsfeesten en private events.",
  "image": "https://staging.sevensa.nl/assets/images/logo.png",
  "url": "https://staging.sevensa.nl/",
  "telephone": "+31-40-8422594",
  "priceRange": "€€",
  "address": {
    "@type": "PostalAddress",
    "streetAddress": "Kapteijnlaan 17",
    "postalCode": "5505 AV",
    "addressLocality": "Veldhoven",
    "addressRegion": "NB",
    "addressCountry": "NL"
  },
  "areaServed": [
    "Brabant",
    "Eindhoven",
    "Tilburg",
    "Den Bosch",
    "Zuid-Nederland"
  ],
  "sameAs": [
    "https://www.facebook.com/misterdj",
    "https://www.instagram.com/misterdj",
    "https://www.linkedin.com/company/mister-dj"
  ]
}
  </script>
  <script
    id="schema-organization"
    type="application/ld+json"
  >
    {
  "@context": "https://schema.org",
  "@type": "Organization",
  "@id": "https://staging.sevensa.nl/#organization",
  "name": "Mister DJ",
  "url": "https://staging.sevensa.nl/",
  "logo": "https://staging.sevensa.nl/assets/images/logo.png",
  "sameAs": [
    "https://www.facebook.com/misterdj",
    "https://www.instagram.com/misterdj",
    "https://www.linkedin.com/company/mister-dj"
  ],
  "contactPoint": [
    {
      "@type": "ContactPoint",
      "telephone": "+31-40-8422594",
      "contactType": "customer service",
      "areaServed": "NL",
      "availableLanguage": [
        "nl",
        "en"
      ]
    }
  ]
}
  </script>
  <script
    id="schema-service"
    type="application/ld+json"
  >
    {
  "@context": "https://schema.org",
  "@type": "Service",
  "@id": "https://staging.sevensa.nl/#wedding-and-event-dj-service",
  "name": "Mister DJ Bruiloft & Event DJ",
  "serviceType": "Wedding and corporate event DJ services",
  "description": "Volledige DJ-service met maatwerk licht- en geluidsoplossingen voor bruiloften, bedrijfsfeesten en exclusieve events in Zuid-Nederland.",
  "provider": {
    "@type": "Organization",
    "@id": "https://staging.sevensa.nl/#organization",
    "name": "Mister DJ"
  },
  "areaServed": [
    {
      "@type": "AdministrativeArea",
      "name": "Brabant"
    },
    {
      "@type": "City",
      "name": "Eindhoven"
    },
    {
      "@type": "City",
      "name": "Tilburg"
    },
    {
      "@type": "City",
      "name": "Den Bosch"
    },
    {
      "@type": "State",
      "name": "Zuid-Nederland"
    }
  ],
  "offers": {
    "@type": "Offer",
    "priceCurrency": "EUR",
    "availability": "https://schema.org/InStock",
    "url": "https://staging.sevensa.nl/",
    "eligibleRegion": {
      "@type": "Country",
      "name": "NL"
    }
  }
}
  </script>
</head>
`;
